[2026-09-08T01:29:38] [INFO] DataImporter 初始化完成，导出路径: res://data
[2026-09-08T01:31:00] [INFO] 开始导表: res://tables/方块组数据.csv -> res://data
[2026-09-08T01:31:00] [DONE] 导表成功: res://data/tetromino_data.json（16 行）
[2026-09-08T01:32:06] [INFO] DataImporter 初始化完成，导出路径: res://data
[2026-09-08T01:33:20] [INFO] 开始导表: G:/Work/Godot/GodotProj/插件开发测试项目/tables/方块组数据.csv -> res://data/
[2026-09-08T01:33:20] [DONE] 导表成功: res://data/tetromino_data.json（16 行）
[2026-09-08T01:36:02] [INFO] DataImporter 初始化完成，导出路径: res://data
[2026-09-08T01:36:16] [INFO] 开始导表: G:/Work/Godot/GodotProj/插件开发测试项目/tables/方块组数据.csv -> res://data/
[2026-09-08T01:36:16] [DONE] 导表成功: res://data/tetromino_data.json（16 行）
[2026-09-08T11:02:09] [INFO] DataImporter 初始化完成，导出路径: res://data
[2026-09-08T11:10:20] [INFO] DataImporter 初始化完成，导出路径: res://data
[2026-09-08T11:11:10] [INFO] DataImporter 初始化完成，导出路径: res://data
[2026-09-08T11:31:38] [INFO] DataImporter 初始化完成，导出路径: res://data
[2026-09-08T11:32:07] [INFO] DataImporter 初始化完成，导出路径: res://data
[2026-09-08T12:09:10] [INFO] DataImporter 初始化完成，导出路径: res://data
[2026-09-08T12:13:00] [INFO] DataImporter 初始化完成，导出路径: res://data
[2026-09-08T12:13:48] [INFO] DataImporter 初始化完成，导出路径: res://data
[2026-09-08T12:55:24] [INFO] DataImporter 初始化完成，导出路径: res://data
[2026-09-08T13:08:29] [INFO] DataImporter 初始化完成，导出路径: res://data
[2026-09-08T13:09:41] [INFO] DataImporter 初始化完成，导出路径: res://data
[2026-09-08T22:49:09] [INFO] DataImporter 初始化完成，导出路径: res://data
[2026-09-08T22:54:07] [INFO] DataImporter 初始化完成，导出路径: res://data
[2026-09-08T23:05:49] [INFO] DataImporter 初始化完成，导出路径: res://data
[2026-09-08T23:27:40] [INFO] DataImporter 初始化完成，导出路径: res://data
[2026-09-08T23:33:21] [INFO] DataImporter 初始化完成，导出路径: res://data
[2026-09-08T23:45:01] [INFO] DataImporter 初始化完成，导出路径: res://data
[2026-09-08T23:53:32] [INFO] 开始导表: G:/Work/Godot/GodotProj/Yukys-Kits-Dev/test_tables/方块组数据.csv -> res://data/
[2026-09-08T23:53:32] [DONE] 导表成功: res://data/tetromino_data.json（16 行）
[2026-09-09T00:29:34] [INFO] DataImporter 初始化完成，导出路径: res://data
[2026-09-09T00:32:34] [INFO] DataImporter 初始化完成，导出路径: res://data
[2026-09-09T00:37:03] [INFO] DataImporter 初始化完成，导出路径: res://data
[2026-09-09T00:41:28] [INFO] DataImporter 初始化完成，导出路径: res://data
[2026-09-09T00:41:59] [INFO] 开始导表: G:/Work/Godot/GodotProj/Yukys-Kits-Dev/test_tables/方块组数据.csv -> res://data/
[2026-09-09T00:41:59] [DONE] 导表成功: res://data/tetromino_data.json（16 行）
[2026-09-09T00:42:37] [INFO] DataImporter 初始化完成，导出路径: res://data
[2026-09-09T01:20:41] [INFO] DataImporter 初始化完成，导出路径: res://data
[2026-09-09T17:02:51] [INFO] DataImporter 初始化完成，导出路径: res://data
[2026-09-09T17:02:54] [INFO] DataImporter 初始化完成，导出路径: res://data
[2026-09-09T17:04:26] [INFO] 开始导表: G:/Work/Godot/GodotProj/Yukys-Kits-Dev/test_tables/特殊方块数据.csv -> res://data/
[2026-09-09T17:04:26] [DONE] 导表成功: res://data/key_block_data.json（3 行）
[2026-09-09T17:18:00] [INFO] DataImporter 初始化完成，导出路径: res://data
[2026-09-09T17:22:48] [INFO] DataImporter 初始化完成，导出路径: res://data
[2026-09-09T23:34:07] [INFO] DataImporter 初始化完成，导出路径: res://data
[2026-09-09T23:59:06] [INFO] DataImporter 初始化完成，导出路径: res://data
[2026-09-09T23:59:58] [INFO] 开始导表: G:/Work/Godot/GodotProj/Yukys-Kits-Dev/test_tables/方块组数据.csv -> res://data/
[2026-09-09T23:59:58] [DONE] 导表成功: res://data/tetromino_data.json（16 行）
[2026-09-10T09:44:17] [INFO] DataImporter 初始化完成，导出路径: res://data
[2026-09-10T10:00:36] [INFO] DataImporter 初始化完成，导出路径: res://data
[2026-09-10T10:01:21] [INFO] DataImporter 初始化完成，导出路径: res://data
[2026-09-10T15:06:52] [INFO] DataImporter 初始化完成，导出路径: res://data
[2026-09-10T15:42:46] [INFO] DataImporter 初始化完成，导出路径: res://data
[2026-09-10T15:43:27] [INFO] DataImporter 初始化完成，导出路径: res://data
[2026-09-10T15:43:57] [INFO] DataImporter 初始化完成，导出路径: res://data
[2026-09-10T15:50:19] [INFO] DataImporter 初始化完成，导出路径: res://data
[2026-09-10T15:51:16] [INFO] DataImporter 初始化完成，导出路径: res://data
[2026-09-10T16:20:10] [INFO] DataImporter 初始化完成，导出路径: res://data
[2026-09-10T16:25:09] [INFO] DataImporter 初始化完成，导出路径: res://data
[2026-09-10T16:38:01] [ERROR] 导表失败: 未指定 CSV 文件
[2026-09-10T16:38:03] [ERROR] 导表失败: 未指定 CSV 文件
[2026-09-10T16:39:06] [INFO] DataImporter 初始化完成，导出路径: res://data
[2026-09-10T16:42:07] [INFO] DataImporter 初始化完成，导出路径: res://data
[2026-09-10T16:42:45] [INFO] DataImporter 初始化完成，导出路径: res://data
[2026-09-10T16:53:15] [INFO] DataImporter 初始化完成，导出路径: res://data
[2026-09-10T16:54:27] [INFO] DataImporter 初始化完成，导出路径: res://data
[2026-09-10T16:56:16] [INFO] DataImporter 初始化完成，导出路径: res://data
[2026-09-10T17:02:54] [INFO] DataImporter 初始化完成，导出路径: res://data
[2026-09-10T17:07:01] [INFO] DataImporter 初始化完成，导出路径: res://data
[2026-09-10T17:13:26] [INFO] DataImporter 初始化完成，导出路径: res://data
[2026-09-10T17:14:13] [INFO] DataImporter 初始化完成，导出路径: res://data
[2026-09-10T17:15:49] [INFO] DataImporter 初始化完成，导出路径: res://data
[2026-09-10T17:15:55] [INFO] DataImporter 初始化完成，导出路径: res://data
[2026-09-10T17:16:30] [INFO] DataImporter 初始化完成，导出路径: res://data
[2026-09-10T17:19:16] [INFO] DataImporter 初始化完成，导出路径: res://data
[2026-09-10T17:19:52] [INFO] DataImporter 初始化完成，导出路径: res://data
[2026-09-10T17:20:37] [INFO] DataImporter 初始化完成，导出路径: res://data
[2026-09-10T17:24:59] [INFO] DataImporter 初始化完成，导出路径: res://data
[2026-09-10T17:26:24] [INFO] DataImporter 初始化完成，导出路径: res://data
[2026-09-10T17:35:43] [INFO] DataImporter 初始化完成，导出路径: res://data
[2026-09-10T17:37:14] [INFO] DataImporter 初始化完成，导出路径: res://data
[2026-09-10T17:37:15] [INFO] DataImporter 初始化完成，导出路径: res://data
[2026-09-10T17:45:27] [INFO] DataImporter 初始化完成，导出路径: res://data
[2026-09-10T17:47:23] [INFO] 开始导表: G:/Work/Godot/GodotProj/Yukys-Kits-Dev/test_tables/特殊方块数据.csv -> res://data/
[2026-09-10T17:47:23] [DONE] 导表成功: res://data/key_block_data.json（3 行）
[2026-09-10T17:58:54] [INFO] DataImporter 初始化完成，导出路径: res://data
[2026-09-10T18:22:00] [INFO] DataImporter 初始化完成，导出路径: res://data
[2026-09-10T18:36:04] [INFO] DataImporter 初始化完成，导出路径: res://data
[2026-09-10T18:36:04] [INFO] DataImporter 初始化完成，导出路径: res://data
[2026-09-10T18:43:35] [INFO] DataImporter 初始化完成，导出路径: res://data
[2026-09-10T18:43:35] [INFO] DataImporter 初始化完成，导出路径: res://data
[2026-09-10T18:55:56] [INFO] DataImporter 初始化完成，导出路径: res://data
[2026-09-10T18:57:12] [INFO] DataImporter 初始化完成，导出路径: res://data
[2026-09-10T18:58:47] [INFO] DataImporter 初始化完成，导出路径: res://addons
[2026-09-10T19:03:53] [INFO] DataImporter 初始化完成，导出路径: res://data
[2026-09-10T20:28:09] [INFO] DataImporter 初始化完成，导出路径: res://data
[2026-09-10T20:31:18] [INFO] DataImporter 初始化完成，导出路径: res://data
[2026-09-10T20:31:38] [INFO] DataImporter 初始化完成，导出路径: res://data
[2026-09-10T20:32:28] [INFO] DataImporter 初始化完成，导出路径: res://data
[2026-09-10T20:33:39] [INFO] 开始导表(子表): G:/Work/Godot/GodotProj/Yukys-Kits-Dev/test_tables/方块组数据.csv -> res://data [tetromino_data]
[2026-09-10T20:33:39] [DONE] 导表成功: res://data/tetromino_data.json（16 行）
[2026-09-10T20:35:38] [INFO] DataImporter 初始化完成，导出路径: res://data
[2026-09-10T20:35:54] [INFO] DataImporter 初始化完成，导出路径: res://data
[2026-09-10T20:35:57] [INFO] DataImporter 初始化完成，导出路径: res://data
[2026-09-10T20:36:06] [INFO] DataImporter 初始化完成，导出路径: res://data
[2026-09-10T20:36:41] [INFO] DataImporter 初始化完成，导出路径: res://data
[2026-09-10T20:37:16] [INFO] DataImporter 初始化完成，导出路径: res://data
[2026-09-10T20:38:19] [INFO] DataImporter 初始化完成，导出路径: res://data
[2026-09-10T20:50:13] [INFO] DataImporter 初始化完成，导出路径: res://data
[2026-09-10T20:53:13] [INFO] DataImporter 初始化完成，导出路径: res://data
[2026-09-10T20:53:33] [INFO] 开始导表: G:/Work/Godot/GodotProj/Yukys-Kits-Dev/test_tables/方块组数据.csv -> res://data
[2026-09-10T20:53:33] [DONE] 导表成功: res://data/tetromino_data2.json（16 行）
[2026-09-10T23:53:02] [INFO] DataImporter 初始化完成，导出路径: res://data
[2026-09-10T23:55:39] [INFO] 开始导表: G:/Work/Godot/GodotProj/Yukys-Kits-Dev/test_tables/方块组数据.csv -> res://test_tables/
[2026-09-10T23:55:39] [DONE] 导表成功: res://test_tables/tetromino_data2.json（16 行）
[2026-09-11T00:13:46] [INFO] DataImporter 初始化完成，导出路径: res://data
[2026-09-11T15:55:33] [INFO] DataImporter 初始化完成，导出路径: res://data
[2026-09-11T18:38:31] [INFO] DataImporter 初始化完成，导出路径: res://data
[2026-09-11T18:40:05] [INFO] 开始导表: res://test_tables/方块组数据.csv -> res://data
[2026-09-11T18:40:05] [DONE] 导表成功: res://data/tetromino_data2.json（16 行）
[2026-09-11T18:43:37] [INFO] 开始导表: res://test_tables/方块组数据.csv -> res://data
[2026-09-11T18:43:37] [DONE] 导表成功: res://data/tetromino_data2.json（16 行）
[2026-09-11T18:44:57] [INFO] 开始导表: res://test_tables/特殊方块数据.csv -> res://data
[2026-09-11T18:44:57] [DONE] 导表成功: res://data/key_block_data.json（3 行）
[2026-09-12T23:02:33] [INFO] DataImporter 初始化完成，导出路径: res://data
[2026-09-12T23:38:55] [INFO] DataImporter 初始化完成，导出路径: res://data
[2026-09-12T23:39:01] [INFO] DataImporter 初始化完成，导出路径: res://data
[2026-09-12T23:39:50] [INFO] DataImporter 初始化完成，导出路径: res://test_tables
[2026-09-13T09:54:54] [INFO] DataImporter 初始化完成，导出路径: res://test_tables
[2026-09-13T10:04:10] [INFO] DataImporter 初始化完成，导出路径: res://test_tables
[2026-09-13T10:06:17] [INFO] DataImporter 初始化完成，导出路径: res://test_tables
[2026-09-13T10:10:54] [INFO] DataImporter 初始化完成，导出路径: res://data
[2026-09-13T10:52:51] [INFO] DataImporter 初始化完成，导出路径: res://data
[2026-09-13T13:35:58] [INFO] DataImporter 初始化完成，导出路径: res://data
[2026-09-13T14:01:46] [INFO] DataImporter 初始化完成，数据库路径: res://data
[2026-09-13T14:02:22] [INFO] DataImporter 初始化完成，数据库路径: res://data
[2026-09-13T14:24:24] [INFO] DataImporter 初始化完成，导出路径: res://data
[2026-09-13T14:24:49] [INFO] DataImporter 初始化完成，导出路径: res://data
[2026-09-13T14:25:35] [INFO] DataImporter 初始化完成，导出路径: res://data
[2026-09-13T14:38:49] [INFO] DataImporter 初始化完成，导出路径: res://data
[2026-09-13T14:39:25] [INFO] DataImporter 初始化完成，导出路径: res://data
[2026-09-13T15:36:01] [INFO] DataImporter 初始化完成，导出路径: res://data
[2026-09-13T16:18:49] [INFO] DataImporter 初始化完成，导出路径: res://data
[2026-09-13T16:23:03] [INFO] DataImporter 初始化完成，导出路径: res://data
[2026-09-13T16:35:11] [INFO] DataImporter 初始化完成，导出路径: res://data
[2026-09-13T16:42:27] [INFO] DataImporter 初始化完成，导出路径: res://data
[2026-09-13T18:28:03] [INFO] DataImporter 初始化完成，导出路径: res://data
[2026-09-13T18:31:42] [INFO] DataImporter 初始化完成，导出路径: res://data
[2026-09-13T19:33:33] [INFO] DataImporter 初始化完成，导出路径: res://data
[2026-09-13T19:36:14] [INFO] DataImporter 初始化完成，导出路径: res://data
[2026-09-13T19:39:22] [INFO] DataImporter 初始化完成，导出路径: res://data
[2026-09-13T19:39:40] [INFO] DataImporter 初始化完成，导出路径: res://data
[2026-09-13T20:41:50] [INFO] DataImporter 初始化完成，导出路径: res://data
[2026-09-13T21:01:00] [INFO] DataImporter 初始化完成，导出路径: res://data
[2026-09-14T13:48:10] [INFO] DataImporter 初始化完成，导出路径: res://data
[2026-09-14T13:52:12] [INFO] DataImporter 初始化完成，导出路径: res://data
[2026-09-14T14:35:44] [INFO] 开始导表: G:/Work/Godot/GodotProj/Yukys-Kits-Dev/addons/yukys_kits/data_tools/chart/设置项配置表.csv -> res://addons/yukys_kits/data_tools/datas/
[2026-09-14T14:35:44] [DONE] 导表成功: res://addons/yukys_kits/data_tools/datas/setting_config.json（5 行）
[2026-09-14T14:35:50] [INFO] 开始导表: G:/Work/Godot/GodotProj/Yukys-Kits-Dev/addons/yukys_kits/data_tools/chart/设置栏配置表.csv -> res://addons/yukys_kits/data_tools/datas/
[2026-09-14T14:35:50] [DONE] 导表成功: res://addons/yukys_kits/data_tools/datas/setting_colume_config.json（2 行）
[2026-09-14T15:13:16] [INFO] DataImporter 初始化完成，导出路径: res://data
[2026-09-14T15:16:34] [INFO] DataImporter 初始化完成，导出路径: res://data
[2026-09-14T15:41:49] [INFO] DataImporter 初始化完成，导出路径: res://data
[2026-09-14T15:44:22] [INFO] 开始导表: G:/Work/Godot/GodotProj/Yukys-Kits-Dev/addons/yukys_kits/data_tools/chart/设置栏配置表.csv -> res://data
[2026-09-14T15:44:22] [DONE] 导表成功: res://data/setting_colume_config.json（2 行）
[2026-09-14T15:44:50] [INFO] 开始导表: G:/Work/Godot/GodotProj/Yukys-Kits-Dev/addons/yukys_kits/data_tools/chart/设置栏配置表.csv -> res://addons/yukys_kits/data_tools/datas/
[2026-09-14T15:44:50] [DONE] 导表成功: res://addons/yukys_kits/data_tools/datas/setting_colume_config.json（2 行）
[2026-09-14T15:44:56] [INFO] 开始导表: G:/Work/Godot/GodotProj/Yukys-Kits-Dev/addons/yukys_kits/data_tools/chart/设置项配置表.csv -> res://addons/yukys_kits/data_tools/datas/
[2026-09-14T15:44:56] [DONE] 导表成功: res://addons/yukys_kits/data_tools/datas/setting_config.json（4 行）
[2026-09-14T15:45:05] [INFO] DataImporter 初始化完成，导出路径: res://data
[2026-09-14T15:45:22] [INFO] DataImporter 初始化完成，导出路径: res://data
[2026-09-14T15:53:29] [INFO] 开始导表: G:/Work/Godot/GodotProj/Yukys-Kits-Dev/addons/yukys_kits/data_tools/chart/设置项配置表.csv -> res://data
[2026-09-14T15:53:29] [DONE] 导表成功: res://data/setting_config.json（5 行）
[2026-09-14T16:00:01] [INFO] DataImporter 初始化完成，导出路径: res://data
[2026-09-14T16:01:13] [INFO] 开始导表: G:/Work/Godot/GodotProj/Yukys-Kits-Dev/addons/yukys_kits/data_tools/chart/设置项配置表.csv -> res://addons/yukys_kits/data_tools/datas/
[2026-09-14T16:01:13] [DONE] 导表成功: res://addons/yukys_kits/data_tools/datas/setting_config.json（5 行）
[2026-09-14T16:01:20] [INFO] 开始导表: G:/Work/Godot/GodotProj/Yukys-Kits-Dev/addons/yukys_kits/data_tools/chart/设置栏配置表.csv -> res://addons/yukys_kits/data_tools/datas/
[2026-09-14T16:01:20] [DONE] 导表成功: res://addons/yukys_kits/data_tools/datas/setting_colume_config.json（2 行）
[2026-09-14T16:01:33] [INFO] DataImporter 初始化完成，导出路径: res://data
[2026-09-14T16:04:13] [INFO] 开始导表: res://addons/yukys_kits/data_tools/chart/设置项配置表.csv -> res://addons/yukys_kits/data_tools/datas
[2026-09-14T16:04:13] [DONE] 导表成功: res://addons/yukys_kits/data_tools/datas/setting_config.json（5 行）
[2026-09-14T16:47:45] [INFO] DataImporter 初始化完成，导出路径: res://data
[2026-09-15T09:47:21] [INFO] DataImporter 初始化完成，导出路径: res://data
[2026-09-16T10:38:51] [INFO] DataImporter 初始化完成，导出路径: res://data
[2026-09-16T13:35:12] [INFO] DataImporter 初始化完成，导出路径: res://data
[2026-09-16T18:02:55] [INFO] DataImporter 初始化完成，导出路径: res://data
[2026-09-16T18:05:56] [INFO] DataImporter 初始化完成，导出路径: res://data
[2026-09-16T19:06:34] [INFO] 开始导表: G:/Work/Godot/GodotProj/Yukys-Kits-Dev/addons/yukys_kits/data_tools/chart/设置项配置表.csv -> res://addons/yukys_kits/data_tools/datas/
[2026-09-16T19:06:35] [DONE] 导表成功: res://addons/yukys_kits/data_tools/datas/setting_config.json（6 行）
[2026-09-16T19:51:42] [INFO] DataImporter 初始化完成，导出路径: res://data
[2026-09-16T19:53:23] [INFO] DataImporter 初始化完成，导出路径: res://data
[2026-09-16T21:11:49] [INFO] DataImporter 初始化完成，导出路径: res://data
[2026-09-16T21:12:46] [INFO] DataImporter 初始化完成，导出路径: res://data
[2026-09-16T21:14:25] [INFO] DataImporter 初始化完成，导出路径: res://data
[2026-09-16T21:21:01] [INFO] 开始导表: G:/Work/Godot/GodotProj/Yukys-Kits-Dev/test_tables/特殊方块数据.csv -> res://data
[2026-09-16T21:21:01] [DONE] 导表成功: res://data/key_block_data.json（3 行）
[2026-09-16T21:45:20] [INFO] DataImporter 初始化完成，导出路径: res://data
